class 4x3 tested=0 new=0 total_new_with_conjugates=0 rate=0/s elapsed=0s
MILESTONE coverage 4x4 reached split=0s elapsed=0s
class 5x3 tested=0 new=0 total_new_with_conjugates=0 rate=0/s elapsed=0s
class 6x3 tested=0 new=0 total_new_with_conjugates=0 rate=0/s elapsed=0s
class 7x3 tested=0 new=0 total_new_with_conjugates=0 rate=0/s elapsed=0s
class 8x3 tested=0 new=0 total_new_with_conjugates=0 rate=0/s elapsed=0s
class 9x3 tested=0 new=0 total_new_with_conjugates=0 rate=0/s elapsed=0s
class 10x3 tested=0 new=0 total_new_with_conjugates=0 rate=0/s elapsed=0s
class 11x3 tested=0 new=0 total_new_with_conjugates=0 rate=0/s elapsed=0s
class 12x3 tested=0 new=0 total_new_with_conjugates=0 rate=0/s elapsed=0s
class 13x3 tested=0 new=0 total_new_with_conjugates=0 rate=0/s elapsed=0s
class 14x3 tested=0 new=0 total_new_with_conjugates=0 rate=0/s elapsed=0s
class 15x3 tested=0 new=0 total_new_with_conjugates=0 rate=0/s elapsed=0s
class 16x3 tested=0 new=0 total_new_with_conjugates=0 rate=0/s elapsed=0s
class 17x3 tested=0 new=0 total_new_with_conjugates=0 rate=0/s elapsed=0s
class 18x3 tested=0 new=0 total_new_with_conjugates=0 rate=0/s elapsed=0s
class 5x4 tested=0 new=0 total_new_with_conjugates=0 rate=0/s elapsed=0s
MILESTONE coverage 5x5 reached split=0s elapsed=0s
class 6x4 tested=0 new=0 total_new_with_conjugates=0 rate=0/s elapsed=0s
class 7x4 tested=0 new=0 total_new_with_conjugates=0 rate=0/s elapsed=0s
class 8x4 tested=0 new=0 total_new_with_conjugates=0 rate=0/s elapsed=0s
class 9x4 tested=0 new=0 total_new_with_conjugates=0 rate=0/s elapsed=0s
class 10x4 tested=0 new=0 total_new_with_conjugates=0 rate=0/s elapsed=0s
class 11x4 tested=0 new=0 total_new_with_conjugates=0 rate=0/s elapsed=0s
class 12x4 tested=0 new=0 total_new_with_conjugates=0 rate=0/s elapsed=0s
class 13x4 tested=0 new=0 total_new_with_conjugates=0 rate=0/s elapsed=0s
class 14x4 tested=0 new=0 total_new_with_conjugates=0 rate=0/s elapsed=0s
class 15x4 tested=0 new=0 total_new_with_conjugates=0 rate=0/s elapsed=0s
class 16x4 tested=0 new=0 total_new_with_conjugates=0 rate=0/s elapsed=0s
class 17x4 tested=0 new=0 total_new_with_conjugates=0 rate=0/s elapsed=0s
class 18x4 tested=0 new=0 total_new_with_conjugates=0 rate=0/s elapsed=0s
class 6x5 tested=0 new=0 total_new_with_conjugates=0 rate=0/s elapsed=0s
MILESTONE coverage 6x6 reached split=0s elapsed=0s
class 7x5 tested=0 new=0 total_new_with_conjugates=0 rate=0/s elapsed=0s
class 8x5 tested=0 new=0 total_new_with_conjugates=0 rate=0/s elapsed=0s
class 9x5 tested=0 new=0 total_new_with_conjugates=0 rate=0/s elapsed=0s
class 10x5 tested=0 new=0 total_new_with_conjugates=0 rate=0/s elapsed=0s
class 11x5 tested=0 new=0 total_new_with_conjugates=0 rate=0/s elapsed=0s
class 12x5 tested=0 new=0 total_new_with_conjugates=0 rate=0/s elapsed=0s
class 13x5 tested=0 new=0 total_new_with_conjugates=0 rate=0/s elapsed=0s
class 14x5 tested=0 new=0 total_new_with_conjugates=0 rate=0/s elapsed=0s
class 15x5 tested=0 new=0 total_new_with_conjugates=0 rate=0/s elapsed=0s
class 16x5 tested=0 new=0 total_new_with_conjugates=0 rate=0/s elapsed=0s
class 17x5 tested=0 new=0 total_new_with_conjugates=0 rate=0/s elapsed=0s
class 18x5 tested=0 new=0 total_new_with_conjugates=0 rate=0/s elapsed=0s
class 7x6 tested=0 new=0 total_new_with_conjugates=0 rate=0/s elapsed=0s
MILESTONE coverage 7x7 reached split=0s elapsed=0s
class 8x6 tested=0 new=0 total_new_with_conjugates=0 rate=0/s elapsed=0s
class 9x6 tested=0 new=0 total_new_with_conjugates=0 rate=0/s elapsed=0s
class 10x6 tested=0 new=0 total_new_with_conjugates=0 rate=0/s elapsed=0s
class 11x6 tested=0 new=0 total_new_with_conjugates=0 rate=0/s elapsed=0s
class 12x6 tested=0 new=0 total_new_with_conjugates=0 rate=0/s elapsed=0s
class 13x6 tested=0 new=0 total_new_with_conjugates=0 rate=0/s elapsed=0s
class 14x6 tested=0 new=0 total_new_with_conjugates=0 rate=0/s elapsed=0s
class 15x6 tested=0 new=0 total_new_with_conjugates=0 rate=0/s elapsed=0s
class 16x6 tested=0 new=0 total_new_with_conjugates=0 rate=0/s elapsed=0s
class 17x6 tested=0 new=0 total_new_with_conjugates=0 rate=0/s elapsed=0s
class 18x6 tested=0 new=0 total_new_with_conjugates=0 rate=0/s elapsed=0s
class 8x7 tested=0 new=0 total_new_with_conjugates=0 rate=0/s elapsed=0s
MILESTONE coverage 8x8 reached split=0s elapsed=0s
class 9x7 tested=0 new=0 total_new_with_conjugates=0 rate=0/s elapsed=0s
class 10x7 tested=0 new=0 total_new_with_conjugates=0 rate=0/s elapsed=0s
class 11x7 tested=0 new=0 total_new_with_conjugates=0 rate=0/s elapsed=0s
class 12x7 tested=0 new=0 total_new_with_conjugates=0 rate=0/s elapsed=0s
class 13x7 tested=0 new=0 total_new_with_conjugates=0 rate=0/s elapsed=0s
class 14x7 tested=0 new=0 total_new_with_conjugates=0 rate=0/s elapsed=0s
class 15x7 tested=0 new=0 total_new_with_conjugates=0 rate=0/s elapsed=0s
class 16x7 tested=0 new=0 total_new_with_conjugates=0 rate=0/s elapsed=0s
class 17x7 tested=0 new=0 total_new_with_conjugates=0 rate=0/s elapsed=0s
class 18x7 tested=0 new=0 total_new_with_conjugates=0 rate=0/s elapsed=0s
class 9x8 tested=0 new=0 total_new_with_conjugates=0 rate=0/s elapsed=0s
MILESTONE coverage 9x9 reached split=0s elapsed=0s
class 10x8 tested=0 new=0 total_new_with_conjugates=0 rate=0/s elapsed=0s
class 11x8 tested=0 new=0 total_new_with_conjugates=0 rate=0/s elapsed=0s
class 12x8 tested=0 new=0 total_new_with_conjugates=0 rate=0/s elapsed=0s
class 13x8 tested=0 new=0 total_new_with_conjugates=0 rate=0/s elapsed=0s
class 14x8 tested=0 new=0 total_new_with_conjugates=0 rate=0/s elapsed=0s
class 15x8 tested=0 new=0 total_new_with_conjugates=0 rate=0/s elapsed=0s
class 16x8 tested=0 new=0 total_new_with_conjugates=0 rate=0/s elapsed=0s
class 17x8 tested=0 new=0 total_new_with_conjugates=0 rate=0/s elapsed=0s
class 18x8 tested=0 new=0 total_new_with_conjugates=0 rate=0/s elapsed=0s
class 10x9 tested=0 new=0 total_new_with_conjugates=0 rate=0/s elapsed=0s
MILESTONE coverage 10x10 reached split=0s elapsed=0s
class 11x9 tested=0 new=0 total_new_with_conjugates=0 rate=0/s elapsed=0s
class 12x9 tested=0 new=0 total_new_with_conjugates=0 rate=0/s elapsed=0s
class 13x9 tested=0 new=0 total_new_with_conjugates=0 rate=0/s elapsed=0s
class 14x9 tested=0 new=0 total_new_with_conjugates=0 rate=0/s elapsed=0s
class 15x9 tested=0 new=0 total_new_with_conjugates=0 rate=0/s elapsed=0s
class 16x9 tested=0 new=0 total_new_with_conjugates=0 rate=0/s elapsed=0s
class 17x9 tested=0 new=0 total_new_with_conjugates=0 rate=0/s elapsed=0s
class 18x9 tested=0 new=0 total_new_with_conjugates=0 rate=0/s elapsed=0s
class 11x10 tested=0 new=0 total_new_with_conjugates=0 rate=0/s elapsed=0s
MILESTONE coverage 11x11 reached split=0s elapsed=0s
class 12x10 tested=0 new=0 total_new_with_conjugates=0 rate=0/s elapsed=0s
class 13x10 tested=0 new=0 total_new_with_conjugates=0 rate=0/s elapsed=0s
class 14x10 tested=0 new=0 total_new_with_conjugates=0 rate=0/s elapsed=0s
class 15x10 tested=0 new=0 total_new_with_conjugates=0 rate=0/s elapsed=0s
class 16x10 tested=0 new=0 total_new_with_conjugates=0 rate=0/s elapsed=0s
class 17x10 tested=0 new=0 total_new_with_conjugates=0 rate=0/s elapsed=0s
class 18x10 tested=0 new=0 total_new_with_conjugates=0 rate=0/s elapsed=0s
class 12x11 tested=0 new=0 total_new_with_conjugates=0 rate=0/s elapsed=0s
MILESTONE coverage 12x12 reached split=0s elapsed=0s
class 13x11 tested=0 new=0 total_new_with_conjugates=0 rate=0/s elapsed=0s
class 14x11 tested=0 new=0 total_new_with_conjugates=0 rate=0/s elapsed=0s
class 15x11 tested=0 new=0 total_new_with_conjugates=0 rate=0/s elapsed=0s
class 16x11 tested=0 new=0 total_new_with_conjugates=0 rate=0/s elapsed=0s
class 17x11 tested=0 new=0 total_new_with_conjugates=0 rate=0/s elapsed=0s
class 18x11 tested=4268224 new=76410 total_new_with_conjugates=117537 rate=1229761/s elapsed=3s
class 13x12 tested=0 new=0 total_new_with_conjugates=117537 rate=1223144/s elapsed=3s
MILESTONE coverage 13x13 reached split=3s elapsed=3s
class 14x12 tested=0 new=0 total_new_with_conjugates=117537 rate=1213999/s elapsed=4s
class 15x12 tested=0 new=0 total_new_with_conjugates=117537 rate=1199539/s elapsed=4s
class 16x12 tested=0 new=0 total_new_with_conjugates=117537 rate=1172584/s elapsed=4s
class 17x12 tested=6164409 new=88733 total_new_with_conjugates=247671 rate=1276190/s elapsed=8s
class 18x12 tested=12158212 new=52564 total_new_with_conjugates=352799 rate=1838417/s elapsed=12s
class 14x13 tested=0 new=0 total_new_with_conjugates=352799 rate=1828903/s elapsed=12s
MILESTONE coverage 14x14 reached split=9s elapsed=12s
class 15x13 tested=0 new=0 total_new_with_conjugates=352799 rate=1811959/s elapsed=12s
class 16x13 tested=7669325 new=145230 total_new_with_conjugates=588069 rate=1642783/s elapsed=18s
class 17x13 tested=16930689 new=179770 total_new_with_conjugates=947609 rate=1841888/s elapsed=26s
class 18x13 tested=29088903 new=444575 total_new_with_conjugates=1836759 rate=1729851/s elapsed=44s
class 15x14 tested=8241352 new=81978 total_new_with_conjugates=1979589 rate=1715557/s elapsed=49s
MILESTONE coverage 15x15 reached split=37s elapsed=49s
class 16x14 tested=20622902 new=325726 total_new_with_conjugates=2631041 rate=1699535/s elapsed=1m 2s
class 17x14 tested=37553593 new=559645 total_new_with_conjugates=3750331 rate=1664489/s elapsed=1m 26s
class 18x14 tested=66642498 new=1144947 total_new_with_conjugates=6040225 rate=1480461/s elapsed=2m 21s
class 16x15 tested=42642458 new=658099 total_new_with_conjugates=7356423 rate=1461467/s elapsed=2m 52s
MILESTONE coverage 16x16 reached split=2m 3s elapsed=2m 52s
class 17x15 tested=80196053 new=1097950 total_new_with_conjugates=9552323 rate=1429248/s elapsed=3m 52s
class 18x15 tested=146838553 new=2278554 total_new_with_conjugates=14109431 rate=1232068/s elapsed=6m 29s
class 17x16 tested=165480973 new=1758561 total_new_with_conjugates=17626553 rate=1220249/s elapsed=8m 48s
MILESTONE coverage 17x17 reached split=5m 56s elapsed=8m 48s
class 18x16 tested=312319528 new=4822723 total_new_with_conjugates=27271999 rate=651349/s elapsed=7m 59s
class 18x17 tested=643281478 new=4756890 total_new_with_conjugates=36785779 rate=815448/s elapsed=19m 32s
MILESTONE coverage 18x18 reached split=19m 32s elapsed=19m 32s
done tested=955601006 basic=776924824 known=0 width=192578419 height=112954926 corner=640488048 added=36785779
